heat1d     adam       grid      n=10 relL2 2.98e-02 +- 2.98e-02 (median 1.58e-02, geo 2.13e-02 x/ 2.21)  Linf 1.48e-02 +- 3.47e-03
heat1d     adam       random    n=10 relL2 4.33e-02 +- 6.43e-02 (median 1.69e-02, geo 2.47e-02 x/ 2.62)  Linf 1.79e-02 +- 9.67e-03
heat1d     adam       resample  n=10 relL2 3.70e-02 +- 1.90e-02 (median 3.16e-02, geo 3.29e-02 x/ 1.67)  Linf 1.97e-02 +- 7.12e-03
heat1d     adam       sobol     n=10 relL2 2.41e-02 +- 2.00e-02 (median 1.51e-02, geo 1.77e-02 x/ 2.33)  Linf 1.11e-02 +- 3.41e-03
heat1d     adam       rad       n=10 relL2 1.48e-02 +- 5.23e-03 (median 1.45e-02, geo 1.40e-02 x/ 1.46)  Linf 1.59e-02 +- 8.72e-03
heat1d     adam_lbfgs grid      n=10 relL2 6.16e-03 +- 4.01e-03 (median 5.22e-03, geo 5.01e-03 x/ 2.00)  Linf 6.33e-03 +- 4.02e-03
heat1d     adam_lbfgs random    n=10 relL2 1.25e-03 +- 3.86e-04 (median 1.24e-03, geo 1.19e-03 x/ 1.40)  Linf 1.69e-03 +- 7.51e-04
heat1d     adam_lbfgs resample  n=10 relL2 1.45e-03 +- 1.00e-03 (median 1.25e-03, geo 1.25e-03 x/ 1.72)  Linf 1.88e-03 +- 1.05e-03
heat1d     adam_lbfgs sobol     n=10 relL2 1.22e-03 +- 4.05e-04 (median 1.22e-03, geo 1.15e-03 x/ 1.45)  Linf 1.34e-03 +- 6.20e-04
heat1d     adam_lbfgs rad       n=10 relL2 1.16e-03 +- 5.19e-04 (median 1.01e-03, geo 1.07e-03 x/ 1.52)  Linf 1.06e-03 +- 3.97e-04
    heat1d adam vs adam_lbfgs: {'geo_mean_ratio_lbfgs_over_adam': 0.07359721916780772, 'n_pairs_lbfgs_better': 50, 'n_pairs': 50, 'wilcoxon_p_two_sided': 1.7763568394002505e-15, 'adam_geo_mean_rel_l2': 0.02119084473492007, 'adam_lbfgs_geo_mean_rel_l2': 0.0015595872443068975}
      vs random adam:grid {'geo_mean_ratio_to_random': 0.8603070724044026, 'n_seeds_better': 5, 'n': 10, 'wilcoxon_p_two_sided': 0.845703125}
      vs random adam:resample {'geo_mean_ratio_to_random': 1.330601922681554, 'n_seeds_better': 4, 'n': 10, 'wilcoxon_p_two_sided': 0.275390625}
      vs random adam:sobol {'geo_mean_ratio_to_random': 0.7140203448125021, 'n_seeds_better': 6, 'n': 10, 'wilcoxon_p_two_sided': 0.431640625}
      vs random adam:rad {'geo_mean_ratio_to_random': 0.5650431906617308, 'n_seeds_better': 5, 'n': 10, 'wilcoxon_p_two_sided': 0.431640625}
      vs random adam_lbfgs:grid {'geo_mean_ratio_to_random': 4.209214787683596, 'n_seeds_better': 0, 'n': 10, 'wilcoxon_p_two_sided': 0.001953125}
      vs random adam_lbfgs:resample {'geo_mean_ratio_to_random': 1.0517752430464122, 'n_seeds_better': 6, 'n': 10, 'wilcoxon_p_two_sided': 1.0}
      vs random adam_lbfgs:sobol {'geo_mean_ratio_to_random': 0.9682010925049873, 'n_seeds_better': 6, 'n': 10, 'wilcoxon_p_two_sided': 0.6953125}
      vs random adam_lbfgs:rad {'geo_mean_ratio_to_random': 0.9014971026448492, 'n_seeds_better': 5, 'n': 10, 'wilcoxon_p_two_sided': 0.6953125}
      kruskal: {'adam': 0.0667567196917294, 'adam_lbfgs': 0.00018544259107206279}
wave1d     adam       grid      n= 5 relL2 4.83e-01 +- 2.13e-02 (median 4.76e-01, geo 4.83e-01 x/ 1.04)  Linf 6.70e-01 +- 3.70e-02
wave1d     adam       random    n= 5 relL2 4.81e-01 +- 2.22e-02 (median 4.67e-01, geo 4.81e-01 x/ 1.05)  Linf 6.62e-01 +- 3.25e-02
wave1d     adam       resample  n= 5 relL2 4.86e-01 +- 2.22e-02 (median 4.77e-01, geo 4.86e-01 x/ 1.05)  Linf 6.81e-01 +- 3.77e-02
wave1d     adam       sobol     n= 5 relL2 4.82e-01 +- 2.22e-02 (median 4.71e-01, geo 4.81e-01 x/ 1.05)  Linf 6.60e-01 +- 3.50e-02
wave1d     adam       rad       n= 5 relL2 4.84e-01 +- 2.22e-02 (median 4.73e-01, geo 4.84e-01 x/ 1.05)  Linf 6.69e-01 +- 3.60e-02
wave1d     adam_lbfgs grid      n= 5 relL2 4.35e-01 +- 1.51e-02 (median 4.32e-01, geo 4.35e-01 x/ 1.04)  Linf 6.52e-01 +- 5.43e-02
wave1d     adam_lbfgs random    n= 5 relL2 4.42e-01 +- 1.37e-02 (median 4.45e-01, geo 4.42e-01 x/ 1.03)  Linf 6.59e-01 +- 2.43e-02
wave1d     adam_lbfgs resample  n= 5 relL2 4.41e-01 +- 1.90e-02 (median 4.35e-01, geo 4.41e-01 x/ 1.04)  Linf 6.58e-01 +- 6.67e-02
wave1d     adam_lbfgs sobol     n= 5 relL2 4.43e-01 +- 1.12e-02 (median 4.44e-01, geo 4.42e-01 x/ 1.03)  Linf 6.68e-01 +- 4.63e-02
wave1d     adam_lbfgs rad       n= 5 relL2 4.49e-01 +- 1.15e-02 (median 4.53e-01, geo 4.49e-01 x/ 1.03)  Linf 6.90e-01 +- 3.78e-02
    wave1d adam vs adam_lbfgs: {'geo_mean_ratio_lbfgs_over_adam': 0.9152344732786838, 'n_pairs_lbfgs_better': 25, 'n_pairs': 25, 'wilcoxon_p_two_sided': 5.960464477539063e-08, 'adam_geo_mean_rel_l2': 0.4828216868008353, 'adam_lbfgs_geo_mean_rel_l2': 0.44189505220668807}
      vs random adam:grid {'geo_mean_ratio_to_random': 1.003367793259891, 'n_seeds_better': 4, 'n': 5, 'wilcoxon_p_two_sided': 0.625}
      vs random adam:resample {'geo_mean_ratio_to_random': 1.010020068252285, 'n_seeds_better': 1, 'n': 5, 'wilcoxon_p_two_sided': 0.125}
      vs random adam:sobol {'geo_mean_ratio_to_random': 1.0005026752716462, 'n_seeds_better': 2, 'n': 5, 'wilcoxon_p_two_sided': 0.8125}
      vs random adam:rad {'geo_mean_ratio_to_random': 1.0055895140368858, 'n_seeds_better': 2, 'n': 5, 'wilcoxon_p_two_sided': 0.3125}
      vs random adam_lbfgs:grid {'geo_mean_ratio_to_random': 0.9844765670363366, 'n_seeds_better': 4, 'n': 5, 'wilcoxon_p_two_sided': 0.4375}
      vs random adam_lbfgs:resample {'geo_mean_ratio_to_random': 0.9966504624225978, 'n_seeds_better': 3, 'n': 5, 'wilcoxon_p_two_sided': 0.8125}
      vs random adam_lbfgs:sobol {'geo_mean_ratio_to_random': 1.0010070369533992, 'n_seeds_better': 3, 'n': 5, 'wilcoxon_p_two_sided': 1.0}
      vs random adam_lbfgs:rad {'geo_mean_ratio_to_random': 1.0163763619780946, 'n_seeds_better': 1, 'n': 5, 'wilcoxon_p_two_sided': 0.1875}
      kruskal: {'adam': 0.90575736144831, 'adam_lbfgs': 0.5134788569560943}
wave2d     adam       grid      n= 5 relL2 2.11e-01 +- 6.77e-02 (median 1.78e-01, geo 2.03e-01 x/ 1.36)  Linf 2.67e-01 +- 6.98e-02
wave2d     adam       random    n= 5 relL2 2.13e-01 +- 6.54e-02 (median 1.92e-01, geo 2.05e-01 x/ 1.36)  Linf 2.66e-01 +- 6.27e-02
wave2d     adam       resample  n= 5 relL2 2.35e-01 +- 6.52e-02 (median 2.08e-01, geo 2.29e-01 x/ 1.29)  Linf 2.87e-01 +- 6.04e-02
wave2d     adam       sobol     n= 5 relL2 2.09e-01 +- 5.69e-02 (median 1.93e-01, geo 2.03e-01 x/ 1.31)  Linf 2.59e-01 +- 5.01e-02
wave2d     adam       rad       n= 5 relL2 2.03e-01 +- 4.44e-02 (median 1.82e-01, geo 2.00e-01 x/ 1.23)  Linf 2.66e-01 +- 4.66e-02
wave2d     adam_lbfgs grid      n= 5 relL2 4.92e-02 +- 1.26e-02 (median 4.64e-02, geo 4.80e-02 x/ 1.27)  Linf 7.99e-02 +- 1.77e-02
wave2d     adam_lbfgs random    n= 5 relL2 4.89e-02 +- 1.92e-02 (median 4.44e-02, geo 4.64e-02 x/ 1.41)  Linf 7.75e-02 +- 2.67e-02
wave2d     adam_lbfgs resample  n= 5 relL2 5.01e-02 +- 8.69e-03 (median 4.98e-02, geo 4.94e-02 x/ 1.20)  Linf 7.92e-02 +- 2.49e-02
wave2d     adam_lbfgs sobol     n= 5 relL2 4.85e-02 +- 1.72e-02 (median 4.61e-02, geo 4.61e-02 x/ 1.44)  Linf 8.07e-02 +- 2.70e-02
wave2d     adam_lbfgs rad       n= 5 relL2 4.79e-02 +- 1.32e-02 (median 4.38e-02, geo 4.65e-02 x/ 1.30)  Linf 8.06e-02 +- 2.19e-02
    wave2d adam vs adam_lbfgs: {'geo_mean_ratio_lbfgs_over_adam': 0.22758570077514545, 'n_pairs_lbfgs_better': 25, 'n_pairs': 25, 'wilcoxon_p_two_sided': 5.960464477539063e-08, 'adam_geo_mean_rel_l2': 0.20774483715904124, 'adam_lbfgs_geo_mean_rel_l2': 0.04727975434725889}
      vs random adam:grid {'geo_mean_ratio_to_random': 0.9872669494402148, 'n_seeds_better': 3, 'n': 5, 'wilcoxon_p_two_sided': 0.625}
      vs random adam:resample {'geo_mean_ratio_to_random': 1.1132578190674975, 'n_seeds_better': 1, 'n': 5, 'wilcoxon_p_two_sided': 0.1875}
      vs random adam:sobol {'geo_mean_ratio_to_random': 0.9905904435459606, 'n_seeds_better': 3, 'n': 5, 'wilcoxon_p_two_sided': 0.625}
      vs random adam:rad {'geo_mean_ratio_to_random': 0.9731646136908924, 'n_seeds_better': 3, 'n': 5, 'wilcoxon_p_two_sided': 0.8125}
      vs random adam_lbfgs:grid {'geo_mean_ratio_to_random': 1.0354889914677605, 'n_seeds_better': 3, 'n': 5, 'wilcoxon_p_two_sided': 1.0}
      vs random adam_lbfgs:resample {'geo_mean_ratio_to_random': 1.0650215996484984, 'n_seeds_better': 2, 'n': 5, 'wilcoxon_p_two_sided': 0.8125}
      vs random adam_lbfgs:sobol {'geo_mean_ratio_to_random': 0.99341726976908, 'n_seeds_better': 2, 'n': 5, 'wilcoxon_p_two_sided': 1.0}
      vs random adam_lbfgs:rad {'geo_mean_ratio_to_random': 1.0025265290285101, 'n_seeds_better': 3, 'n': 5, 'wilcoxon_p_two_sided': 1.0}
      kruskal: {'adam': 0.8475038074848731, 'adam_lbfgs': 0.9034809323389822}
laplace2d  adam       grid      n=10 relL2 6.00e-03 +- 4.56e-03 (median 4.23e-03, geo 4.91e-03 x/ 1.88)  Linf 1.05e-02 +- 4.39e-03
laplace2d  adam       random    n=10 relL2 8.66e-03 +- 9.88e-03 (median 4.81e-03, geo 6.22e-03 x/ 2.09)  Linf 1.11e-02 +- 6.19e-03
laplace2d  adam       resample  n=10 relL2 5.09e-02 +- 3.38e-02 (median 4.48e-02, geo 3.96e-02 x/ 2.23)  Linf 3.23e-02 +- 1.87e-02
laplace2d  adam       sobol     n=10 relL2 4.08e-03 +- 1.62e-03 (median 4.22e-03, geo 3.80e-03 x/ 1.49)  Linf 9.05e-03 +- 3.07e-03
laplace2d  adam       rad       n=10 relL2 1.12e-02 +- 1.47e-02 (median 4.93e-03, geo 6.20e-03 x/ 2.88)  Linf 1.27e-02 +- 8.74e-03
laplace2d  adam_lbfgs grid      n=10 relL2 2.41e-04 +- 8.27e-05 (median 2.51e-04, geo 2.28e-04 x/ 1.41)  Linf 7.37e-04 +- 2.66e-04
laplace2d  adam_lbfgs random    n=10 relL2 4.87e-04 +- 1.65e-04 (median 4.68e-04, geo 4.63e-04 x/ 1.41)  Linf 1.02e-03 +- 3.98e-04
laplace2d  adam_lbfgs resample  n=10 relL2 4.40e-04 +- 1.58e-04 (median 4.03e-04, geo 4.19e-04 x/ 1.38)  Linf 9.87e-04 +- 3.87e-04
laplace2d  adam_lbfgs sobol     n=10 relL2 2.55e-04 +- 7.19e-05 (median 2.35e-04, geo 2.48e-04 x/ 1.28)  Linf 7.34e-04 +- 2.56e-04
laplace2d  adam_lbfgs rad       n=10 relL2 4.35e-04 +- 1.62e-04 (median 4.12e-04, geo 4.08e-04 x/ 1.46)  Linf 8.11e-04 +- 2.85e-04
    laplace2d adam vs adam_lbfgs: {'geo_mean_ratio_lbfgs_over_adam': 0.043575354639610965, 'n_pairs_lbfgs_better': 50, 'n_pairs': 50, 'wilcoxon_p_two_sided': 1.7763568394002505e-15, 'adam_geo_mean_rel_l2': 0.007780284327881227, 'adam_lbfgs_geo_mean_rel_l2': 0.00033902864878443097}
      vs random adam:grid {'geo_mean_ratio_to_random': 0.7888189164842695, 'n_seeds_better': 6, 'n': 10, 'wilcoxon_p_two_sided': 0.322265625}
      vs random adam:resample {'geo_mean_ratio_to_random': 6.359928892464977, 'n_seeds_better': 0, 'n': 10, 'wilcoxon_p_two_sided': 0.001953125}
      vs random adam:sobol {'geo_mean_ratio_to_random': 0.6102036937777963, 'n_seeds_better': 7, 'n': 10, 'wilcoxon_p_two_sided': 0.083984375}
      vs random adam:rad {'geo_mean_ratio_to_random': 0.9966550143137112, 'n_seeds_better': 5, 'n': 10, 'wilcoxon_p_two_sided': 1.0}
      vs random adam_lbfgs:grid {'geo_mean_ratio_to_random': 0.4935921004415185, 'n_seeds_better': 10, 'n': 10, 'wilcoxon_p_two_sided': 0.001953125}
      vs random adam_lbfgs:resample {'geo_mean_ratio_to_random': 0.9065327518429424, 'n_seeds_better': 6, 'n': 10, 'wilcoxon_p_two_sided': 0.322265625}
      vs random adam_lbfgs:sobol {'geo_mean_ratio_to_random': 0.535770994114352, 'n_seeds_better': 9, 'n': 10, 'wilcoxon_p_two_sided': 0.00390625}
      vs random adam_lbfgs:rad {'geo_mean_ratio_to_random': 0.8814817242916699, 'n_seeds_better': 8, 'n': 10, 'wilcoxon_p_two_sided': 0.16015625}
      kruskal: {'adam': 0.0003185112996837744, 'adam_lbfgs': 8.180589717096811e-05}
laplace3d  adam       grid      n= 5 relL2 1.18e-01 +- 2.24e-02 (median 1.27e-01, geo 1.16e-01 x/ 1.23)  Linf 2.14e-01 +- 1.75e-02
laplace3d  adam       random    n= 5 relL2 3.00e-01 +- 3.43e-01 (median 1.33e-01, geo 2.05e-01 x/ 2.43)  Linf 2.58e-01 +- 7.01e-02
laplace3d  adam       resample  n= 5 relL2 1.55e-01 +- 2.02e-02 (median 1.48e-01, geo 1.54e-01 x/ 1.13)  Linf 2.41e-01 +- 1.21e-02
laplace3d  adam       sobol     n= 5 relL2 1.31e-01 +- 1.54e-02 (median 1.33e-01, geo 1.30e-01 x/ 1.13)  Linf 2.22e-01 +- 1.14e-02
laplace3d  adam       rad       n= 5 relL2 1.33e-01 +- 1.76e-02 (median 1.27e-01, geo 1.32e-01 x/ 1.14)  Linf 2.27e-01 +- 1.51e-02
laplace3d  adam_lbfgs grid      n= 5 relL2 4.88e-02 +- 1.21e-02 (median 4.85e-02, geo 4.76e-02 x/ 1.29)  Linf 1.00e-01 +- 2.92e-02
laplace3d  adam_lbfgs random    n= 5 relL2 4.63e-02 +- 8.77e-03 (median 4.74e-02, geo 4.56e-02 x/ 1.21)  Linf 8.33e-02 +- 2.39e-02
laplace3d  adam_lbfgs resample  n= 5 relL2 4.28e-02 +- 3.74e-03 (median 4.04e-02, geo 4.27e-02 x/ 1.09)  Linf 1.01e-01 +- 7.26e-02
laplace3d  adam_lbfgs sobol     n= 5 relL2 3.56e-02 +- 3.66e-03 (median 3.54e-02, geo 3.55e-02 x/ 1.11)  Linf 7.73e-02 +- 1.50e-02
laplace3d  adam_lbfgs rad       n= 5 relL2 4.03e-02 +- 6.23e-03 (median 3.94e-02, geo 3.99e-02 x/ 1.16)  Linf 7.01e-02 +- 9.76e-03
    laplace3d adam vs adam_lbfgs: {'geo_mean_ratio_lbfgs_over_adam': 0.2907880813437418, 'n_pairs_lbfgs_better': 25, 'n_pairs': 25, 'wilcoxon_p_two_sided': 5.960464477539063e-08, 'adam_geo_mean_rel_l2': 0.1445863051183542, 'adam_lbfgs_geo_mean_rel_l2': 0.04204397425394703}
      vs random adam:grid {'geo_mean_ratio_to_random': 0.5692007673066242, 'n_seeds_better': 4, 'n': 5, 'wilcoxon_p_two_sided': 0.1875}
      vs random adam:resample {'geo_mean_ratio_to_random': 0.7546538266980698, 'n_seeds_better': 2, 'n': 5, 'wilcoxon_p_two_sided': 0.8125}
      vs random adam:sobol {'geo_mean_ratio_to_random': 0.6362600752592265, 'n_seeds_better': 3, 'n': 5, 'wilcoxon_p_two_sided': 0.4375}
      vs random adam:rad {'geo_mean_ratio_to_random': 0.6446811239056762, 'n_seeds_better': 2, 'n': 5, 'wilcoxon_p_two_sided': 0.8125}
      vs random adam_lbfgs:grid {'geo_mean_ratio_to_random': 1.0432067717360465, 'n_seeds_better': 2, 'n': 5, 'wilcoxon_p_two_sided': 0.8125}
      vs random adam_lbfgs:resample {'geo_mean_ratio_to_random': 0.9348600703894302, 'n_seeds_better': 3, 'n': 5, 'wilcoxon_p_two_sided': 0.4375}
      vs random adam_lbfgs:sobol {'geo_mean_ratio_to_random': 0.7770852039188964, 'n_seeds_better': 5, 'n': 5, 'wilcoxon_p_two_sided': 0.0625}
      vs random adam_lbfgs:rad {'geo_mean_ratio_to_random': 0.8751753784994152, 'n_seeds_better': 3, 'n': 5, 'wilcoxon_p_two_sided': 0.625}
      kruskal: {'adam': 0.18091270189297995, 'adam_lbfgs': 0.11158724342012831}
