{"problem": "heat1d", "n": 25, "grid_values": 676, "time_s_best_of_3": 0.0005462919998535654, "rel_l2": 0.00816341306175431, "linf": 0.004352413355542983, "rel_linf": 0.004352413355542983, "observed_order_rel_l2": null}
{"problem": "heat1d", "n": 50, "grid_values": 2601, "time_s_best_of_3": 0.0010855829996216926, "rel_l2": 0.0020205405252056038, "linf": 0.001078749897292508, "rel_linf": 0.001078749897292508, "observed_order_rel_l2": 2.0144311709049543}
{"problem": "heat1d", "n": 100, "grid_values": 10201, "time_s_best_of_3": 0.0022133329994176165, "rel_l2": 0.0005047835955869683, "linf": 0.0002707655273762044, "rel_linf": 0.0002707655273762044, "observed_order_rel_l2": 2.0010043557741577}
{"problem": "heat1d", "n": 200, "grid_values": 40401, "time_s_best_of_3": 0.005178667000109272, "rel_l2": 0.00012586576820676831, "linf": 6.710255958425337e-05, "rel_linf": 6.710255958425337e-05, "observed_order_rel_l2": 2.0037790607915507}
{"problem": "heat1d", "n": 400, "grid_values": 160801, "time_s_best_of_3": 0.01248133399985818, "rel_l2": 3.146167467685837e-05, "linf": 1.6772509661699964e-05, "rel_linf": 1.6772509661699964e-05, "observed_order_rel_l2": 2.0002185944344553}
{"problem": "heat1d", "n": 800, "grid_values": 641601, "time_s_best_of_3": 0.03239412499988248, "rel_l2": 7.865122497062085e-06, "linf": 4.192932785751502e-06, "rel_linf": 4.192932785751502e-06, "observed_order_rel_l2": 2.000054325670199}
{"problem": "wave1d", "n": 25, "grid_values": 2626, "time_s_best_of_3": 0.0004445000004125177, "rel_l2": 0.05139883702488204, "linf": 0.0944942707977181, "rel_linf": 0.06598649518305398, "observed_order_rel_l2": null}
{"problem": "wave1d", "n": 50, "grid_values": 10251, "time_s_best_of_3": 0.0010402079997220426, "rel_l2": 0.012767182719506937, "linf": 0.02356761811677255, "rel_linf": 0.01645755352372138, "observed_order_rel_l2": 2.00929550995209}
{"problem": "wave1d", "n": 100, "grid_values": 40501, "time_s_best_of_3": 0.001872291999461595, "rel_l2": 0.003186074970612029, "linf": 0.0058832651347209275, "rel_linf": 0.004108355387004762, "observed_order_rel_l2": 2.0025880866992134}
{"problem": "wave1d", "n": 200, "grid_values": 161001, "time_s_best_of_3": 0.0038677089996781433, "rel_l2": 0.000796155707335678, "linf": 0.001470129762789707, "rel_linf": 0.0010266094408882397, "observed_order_rel_l2": 2.000657697825256}
{"problem": "wave1d", "n": 400, "grid_values": 642001, "time_s_best_of_3": 0.00869254200006253, "rel_l2": 0.000199016042183923, "linf": 0.000367490919676694, "rel_linf": 0.0002566233655897775, "observed_order_rel_l2": 2.0001658844816346}
{"problem": "wave1d", "n": 800, "grid_values": 2564001, "time_s_best_of_3": 0.022888000000421016, "rel_l2": 4.975257841050432e-05, "linf": 9.187011227629327e-05, "rel_linf": 6.415401346567825e-05, "observed_order_rel_l2": 2.000041527596746}
{"problem": "wave2d", "n": 20, "grid_values": 9261, "time_s_best_of_3": 0.00035487500008457573, "rel_l2": 0.005115591008892762, "linf": 0.00883231669808543, "rel_linf": 0.00883231669808543, "observed_order_rel_l2": null}
{"problem": "wave2d", "n": 40, "grid_values": 35301, "time_s_best_of_3": 0.0012358339999991586, "rel_l2": 0.0012782331896529964, "linf": 0.0022025664320250993, "rel_linf": 0.0022025664320250993, "observed_order_rel_l2": 2.000749872546817}
{"problem": "wave2d", "n": 80, "grid_values": 137781, "time_s_best_of_3": 0.004491666999456356, "rel_l2": 0.00031921556044823125, "linf": 0.0005504519813170905, "rel_linf": 0.0005504519813170905, "observed_order_rel_l2": 2.00154816907776}
{"problem": "wave2d", "n": 160, "grid_values": 544341, "time_s_best_of_3": 0.026494624999941152, "rel_l2": 7.979364256682974e-05, "linf": 0.00013759329248680396, "rel_linf": 0.00013759329248680396, "observed_order_rel_l2": 2.000185267058381}
{"problem": "wave2d", "n": 320, "grid_values": 2163861, "time_s_best_of_3": 0.18630129200028023, "rel_l2": 1.994777004334393e-05, "linf": 3.439709131763946e-05, "rel_linf": 3.439709131763946e-05, "observed_order_rel_l2": 2.0000463296519335}
{"problem": "laplace2d", "n": 25, "grid_values": 676, "time_s_best_of_3": 0.0022201669999049045, "rel_l2": 0.00120253897841469, "linf": 0.000974566030784052, "rel_linf": 0.000974566030784052, "observed_order_rel_l2": null}
{"problem": "laplace2d", "n": 50, "grid_values": 2601, "time_s_best_of_3": 0.006310750000011467, "rel_l2": 0.0003019741212168641, "linf": 0.00025017993855225296, "rel_linf": 0.00025017993855225296, "observed_order_rel_l2": 1.9935868345480088}
{"problem": "laplace2d", "n": 100, "grid_values": 10201, "time_s_best_of_3": 0.02418912499979342, "rel_l2": 7.507659336488522e-05, "linf": 6.217170922140358e-05, "rel_linf": 6.217170922140358e-05, "observed_order_rel_l2": 2.0079898239768292}
{"problem": "laplace2d", "n": 200, "grid_values": 40401, "time_s_best_of_3": 0.12090179200004059, "rel_l2": 1.8860274546069746e-05, "linf": 1.5123162472624463e-05, "rel_linf": 1.5123162472624463e-05, "observed_order_rel_l2": 1.9930125114476755}
{"problem": "laplace2d", "n": 400, "grid_values": 160801, "time_s_best_of_3": 0.6550974580004549, "rel_l2": 4.715289863837512e-06, "linf": 3.781023601018285e-06, "rel_linf": 3.781023601018285e-06, "observed_order_rel_l2": 1.9999323114688314}
{"problem": "laplace3d", "n": 20, "grid_values": 9261, "time_s_best_of_3": 0.00028974999986530747, "rel_l2": 0.03899527060376223, "linf": 0.17128228990149635, "rel_linf": 0.20025619399527256, "observed_order_rel_l2": null}
{"problem": "laplace3d", "n": 40, "grid_values": 68921, "time_s_best_of_3": 0.001607541999874229, "rel_l2": 0.009967671109140394, "linf": 0.04341241798277268, "rel_linf": 0.05075600987330118, "observed_order_rel_l2": 1.9679707912426998}
{"problem": "laplace3d", "n": 80, "grid_values": 531441, "time_s_best_of_3": 0.009995583000090846, "rel_l2": 0.0015359708778911313, "linf": 0.004580934043487972, "rel_linf": 0.005355839281573392, "observed_order_rel_l2": 2.6981056036058897}
{"problem": "laplace3d", "n": 160, "grid_values": 4173281, "time_s_best_of_3": 0.08624683300058678, "rel_l2": 0.00041329302513448403, "linf": 0.0012530150556461783, "rel_linf": 0.0014649735603534, "observed_order_rel_l2": 1.893913941078745}
