d= 2 p=12 r= 2 n=    91 b=1: 2.8833e-01  b=10: 5.0017e-02  b=100: 5.4831e-03  b=1000: 5.5546e-04 [0s]
d= 5 p=10 r= 5 n=  3003 b=1: 1.6403e-01  b=10: 2.6406e-02  b=100: 2.8985e-03  b=1000: 2.6345e-04 [2s]
d= 5 p=10 r= 2 n=   501 b=1: 1.6190e-01  b=10: 2.3164e-02  b=100: 2.0657e-03  b=1000: 1.6165e-04 [0s]
d= 5 p=10 r= 3 n=  1701 b=1: 1.6401e-01  b=10: 2.6037e-02  b=100: 2.6694e-03  b=1000: 2.1578e-04 [0s]
d= 5 p=10 r= 4 n=  2751 b=1: 1.6403e-01  b=10: 2.6394e-02  b=100: 2.8786e-03  b=1000: 2.5305e-04 [1s]
d= 5 p=14 r= 2 n=   981 b=1: 1.6190e-01  b=10: 2.3171e-02  b=100: 2.0839e-03  b=1000: 1.5778e-04 [0s]
d= 5 p=14 r= 3 n=  4621 b=1: 1.6401e-01  b=10: 2.6065e-02  b=100: 2.7229e-03  b=1000: 2.3792e-04 [2s]
d=10 p= 6 r=10 n=  8008 b=1: 7.8265e-02  b=10: 1.1571e-02  b=100: 1.2360e-03  b=1000: 1.2450e-04 [7s]
d=10 p= 6 r= 2 n=   736 b=1: 7.6309e-02  b=10: 1.0498e-02  b=100: 1.1392e-03  b=1000: 1.1576e-04 [0s]
d=10 p= 6 r= 3 n=  3136 b=1: 7.8213e-02  b=10: 1.1481e-02  b=100: 1.2259e-03  b=1000: 1.2356e-04 [1s]
d=10 p=10 r= 2 n=  2126 b=1: 7.6354e-02  b=10: 1.0499e-02  b=100: 9.9876e-04  b=1000: 9.1675e-05 [0s]
d=10 p=10 r= 3 n= 16526 b=1: 7.8296e-02  b=10: 1.1856e-02  b=100: 1.1912e-03  b=1000: 1.0489e-04 [39s]
d=10 p=14 r= 2 n=  4236 b=1: 7.6355e-02  b=10: 1.0517e-02  b=100: 1.0083e-03  b=1000: 7.9591e-05 [0s]
d=10 p=12 r= 3 n= 29491 b=1: 7.8297e-02  b=10: 1.1897e-02  b=100: 1.2320e-03  b=1000: 1.0135e-04 [227s]
d=20 p= 4 r=20 n= 10626 b=1: 3.6979e-02  b=10: 5.4310e-03  b=100: 5.8779e-04  b=1000: 5.9303e-05 [1s]
d=20 p= 4 r= 2 n=  1221 b=1: 3.6193e-02  b=10: 5.2783e-03  b=100: 5.7207e-04  b=1000: 5.7728e-05 [0s]
d=20 p=10 r= 2 n=  8751 b=1: 3.5431e-02  b=10: 4.9988e-03  b=100: 5.4374e-04  b=1000: 5.5578e-05 [2s]
d=20 p=14 r= 2 n= 17571 b=1: 3.5432e-02  b=10: 5.0226e-03  b=100: 5.2141e-04  b=1000: 4.7547e-05 [6s]
d= 5 p=12 r= 5 n=  6188 b=1: 1.6403e-01  b=10: 2.6437e-02  b=100: 2.9618e-03  b=1000: 2.9084e-04 [18s]
d= 5 p=14 r= 4 n=  9626 b=1: 1.6403e-01  b=10: 2.6429e-02  b=100: 2.9546e-03  b=1000: 2.8602e-04 [47s]
d= 3 p=16 r= 3 n=   969 b=1: 2.5339e-01  b=10: 4.2443e-02  b=100: 4.6970e-03  b=1000: 4.7611e-04 [0s]
