% ---- table p1: all entries in units of 1e-2
2 & $0.608\pm0.187$ & $1.882\pm0.347$ & 3.10 & 2.14 & 6.05 & 0.92 & 2.85 & 25.0 & 66.1 \\
 & {\footnotesize $[0.392,\,0.721]$} & {\footnotesize $[1.527,\,2.220]$} &  &  &  &  &  &  &  \\[2pt]
3 & $0.672\pm0.255$ & $1.421\pm0.337$ & 2.11 & 2.40 & 5.43 & 1.01 & 2.14 & 25.0 & 66.1 \\
 & {\footnotesize $[0.457,\,0.954]$} & {\footnotesize $[1.160,\,1.802]$} &  &  &  &  &  &  &  \\[2pt]
5 & $0.760\pm0.055$ & $1.113\pm0.077$ & 1.46 & 3.29 & 5.05 & 1.44 & 2.11 & 20.0 & 52.9 \\
 & {\footnotesize $[0.698,\,0.804]$} & {\footnotesize $[1.039,\,1.192]$} &  &  &  &  &  &  &  \\[2pt]
10 & $1.260\pm0.084$ & $1.896\pm0.159$ & 1.50 & 6.45 & 9.63 & 3.42 & 5.15 & 13.9 & 36.7 \\
 & {\footnotesize $[1.171,\,1.337]$} & {\footnotesize $[1.730,\,2.047]$} &  &  &  &  &  &  &  \\[2pt]
20 & $4.663\pm0.248$ & $4.613\pm0.178$ & 0.99 & 24.51 & 26.71 & 17.30 & 17.11 & 10.2 & 26.9 \\
 & {\footnotesize $[4.381,\,4.848]$} & {\footnotesize $[4.416,\,4.764]$} &  &  &  &  &  &  &  \\
% ---- table p2: all entries in units of 1e-2
2 & $0.134\pm0.049$ & $0.574\pm0.121$ & 4.29 & 0.73 & 2.70 & 12.0 \\
 & {\footnotesize $[0.102,\,0.190]$} & {\footnotesize $[0.441,\,0.678]$} &  &  &  &  \\[2pt]
3 & $0.380\pm0.038$ & $1.426\pm0.183$ & 3.76 & 1.82 & 5.83 & 12.0 \\
 & {\footnotesize $[0.347,\,0.421]$} & {\footnotesize $[1.215,\,1.536]$} &  &  &  &  \\[2pt]
5 & $0.929\pm0.053$ & $1.509\pm0.041$ & 1.62 & 4.10 & 6.72 & 12.0 \\
 & {\footnotesize $[0.875,\,0.982]$} & {\footnotesize $[1.462,\,1.539]$} &  &  &  &  \\[2pt]
10 & $2.168\pm0.482$ & $7.488\pm2.553$ & 3.45 & 8.58 & 23.41 & 12.0 \\
 & {\footnotesize $[1.710,\,2.671]$} & {\footnotesize $[5.057,\,10.148]$} &  &  &  &  \\[2pt]
20 & $14.424\pm0.176$ & $12.633\pm0.022$ & 0.88 & 47.86 & 45.82 & 12.0 \\
 & {\footnotesize $[14.231,\,14.576]$} & {\footnotesize $[12.614,\,12.658]$} &  &  &  &  \\
% ---- table budget: relative L2 error in units of 1e-2, mean +- s.d. over seeds 0-2
\Pone & 10 & $1.260\pm0.084$ & $1.896\pm0.159$ & $0.588\pm0.027$ & $0.728\pm0.039$ & $0.934\pm0.047$ (10\,000) & 13.9 \\
\Ptwo & 10 & $2.168\pm0.482$ & $7.488\pm2.553$ & -- & -- & $1.376\pm0.111$ (9000) & 12.0 \\
\Pone & 20 & $4.663\pm0.248$ & $4.613\pm0.178$ & $0.757\pm0.023$ & $0.870\pm0.038$ & -- & 10.2 \\
\Ptwo & 20 & $14.424\pm0.176$ & $12.633\pm0.022$ & $5.832\pm0.858$ & $9.102\pm0.808$ & -- & 12.0 \\
% ---- table cost (a): primary benchmark, CPU ms per iteration (median of 7 rounds), paired ratio median [min, max]
2 & 4.22 & 6.50 & 1.54 & [1.45, 1.64] & 7.48 & 1.72 & [1.56, 1.92] & 1.15 \\
3 & 4.33 & 7.06 & 1.62 & [1.50, 1.90] & 9.06 & 2.12 & [1.96, 2.26] & 1.28 \\
5 & 4.55 & 8.08 & 1.77 & [1.74, 1.90] & 12.47 & 2.70 & [2.56, 2.94] & 1.54 \\
10 & 4.68 & 10.66 & 2.23 & [2.10, 2.34] & 20.61 & 4.44 & [3.91, 4.53] & 1.93 \\
20 & 4.98 & 15.23 & 3.09 & [2.90, 3.16] & 37.80 & 7.72 & [7.11, 8.74] & 2.48 \\
50 & 8.02 & 48.82 & 6.11 & [5.66, 7.82] & 139.26 & 18.21 & [14.78, 19.94] & 2.85 \\
100 & 8.36 & 90.31 & 10.73 & [9.76, 15.19] & 243.45 & 29.46 & [23.55, 42.29] & 2.70 \\
% ---- table cost (b): benchmark of the verification code V-dim
2 & 3.29 & 5.44 & 1.59 & [1.44, 1.82] & 6.09 & 1.81 & [1.67, 1.98] & 1.12 \\
5 & 3.69 & 6.47 & 1.87 & [1.65, 2.25] & 9.97 & 2.83 & [2.52, 3.17] & 1.54 \\
10 & 4.03 & 9.86 & 2.48 & [1.87, 2.99] & 17.93 & 4.39 & [3.55, 5.66] & 1.82 \\
20 & 4.47 & 14.26 & 3.15 & [2.54, 4.09] & 33.26 & 6.80 & [6.07, 9.09] & 2.33 \\
50 & 4.77 & 36.99 & 8.44 & [7.01, 8.70] & 76.74 & 16.71 & [14.00, 18.45] & 2.07 \\
100 & 5.12 & 69.03 & 13.34 & [12.00, 16.16] & 159.63 & 32.20 & [28.15, 35.47] & 2.31 \\
% ---- table sweep: validation relative L2 error in units of 1e-2 at d = 5, seed 100, weights 1, 10, 100, 1000
\Pone, PINN ($\lam$) & 1.03 & 0.917 & 0.792 & 0.716 \\
\Pone, Deep Ritz ($\bet$) & 16.0 & 2.33 & 1.03 & 1.10 \\
\Ptwo, PINN ($\lam$) & 4.08 & 1.31 & 1.12 & 0.976 \\
\Ptwo, Deep Ritz ($\bet$) & 1.60 & 1.61 & 1.68 & 1.68 \\
% ---- table vdim: relative L2 error in units of 1e-2, individual seeds of the verification code V-dim, 4000 iterations
\Pone & 2 & 0.201, 0.919, 0.146 & 7--9 & 1.02, 2.29, 1.64 & 7--9 \\
\Pone & 10 & 1.09, 1.15, 1.39 & 7--9 & 1.52, 1.69, 2.52 & 7--9 \\
\Pone & 20 & 3.36 & 7 & 3.59, 4.53, 4.53, 4.50, 4.40 & 7--11 \\
\Ptwo & 2 & 0.124, 0.123, 0.126 & 7--9 & 0.469, 0.506, 0.662 & 7--9 \\
\Ptwo & 10 & 2.46, 2.09, 2.56 & 7--9 & 9.54, 9.59, 7.11 & 7--9 \\
\Ptwo & 20 & 14.2 & 7 & 12.7, 12.7 & 7--8 \\
{
 "ratio_ritz_over_pinn": {
  "laplace/2": 3.0964094222523526,
  "laplace/3": 2.114297621796352,
  "laplace/5": 1.4635851712561772,
  "laplace/10": 1.50457050584823,
  "laplace/20": 0.9892203688158179,
  "poisson/2": 4.289368482062078,
  "poisson/3": 3.7565421790495757,
  "poisson/5": 1.6240217092553688,
  "poisson/10": 3.453809818644953,
  "poisson/20": 0.8758599120899357
 },
 "ranges_disjoint": {
  "laplace/2": true,
  "laplace/3": true,
  "laplace/5": true,
  "laplace/10": true,
  "laplace/20": false,
  "poisson/2": true,
  "poisson/3": true,
  "poisson/5": true,
  "poisson/10": true,
  "poisson/20": true
 },
 "slopes_geomean": {
  "laplace/pinn/rel_l2": {
   "d2_10": 0.47590673223555535,
   "d2_20": 0.8609659212931461
  },
  "laplace/pinn/rel_l2_centered": {
   "d2_10": 0.8597856821054136,
   "d2_20": 1.27893015942313
  },
  "laplace/ritz/rel_l2": {
   "d2_10": 0.00971799668833052,
   "d2_20": 0.4098039495339538
  },
  "laplace/ritz/rel_l2_centered": {
   "d2_10": 0.3935969636399345,
   "d2_20": 0.8277682107417292
  },
  "poisson/pinn/rel_l2": {
   "d2_10": 1.7089174101558813,
   "d2_20": 1.9188709047348302
  },
  "poisson/pinn/rel_l2_centered": {
   "d2_10": 1.7089383540165217,
   "d2_20": 1.918872985659218
  },
  "poisson/ritz/rel_l2": {
   "d2_10": 1.4585699628099602,
   "d2_20": 1.3505455377353284
  },
  "poisson/ritz/rel_l2_centered": {
   "d2_10": 1.4585909360994134,
   "d2_20": 1.350547642840239
  }
 },
 "equal_compute_rule": {
  "laplace": {
   "raw_iters": 9594.23192981096,
   "rounded": 10000,
   "ratio": 2.39855798245274
  },
  "poisson": {
   "raw_iters": 8888.641576869846,
   "rounded": 9000,
   "ratio": 2.2221603942174615
  }
 },
 "cost_growth_d2_to_d100": {
  "primary": {
   "ritz": 1.9785455492671844,
   "fwd": 13.899387428430765,
   "nested": 32.54333761095072
  },
  "verifier": {
   "ritz": 1.554212843479675,
   "fwd": 12.685336273428813,
   "nested": 26.203282994090728
  }
 },
 "nested_over_fwd_d_ge_10": {
  "primary": [
   1.9343611590721426,
   2.482399915939898,
   2.852602103313919,
   2.695803541471258
  ],
  "verifier": [
   1.8181836616748026,
   2.3322650771388336,
   2.0744315048496427,
   2.3123580401427932
  ]
 },
 "cpu_rerun_over_stored": {
  "values": [
   1.6071428571428572,
   1.5058823529411764,
   1.6951219512195124,
   1.4845070422535211,
   1.7767857142857142,
   1.2238805970149254,
   1.1404189294026377
  ],
  "min": 1.1404189294026377,
  "max": 1.7767857142857142,
  "n": 7
 },
 "sweep_val": {
  "laplace/pinn": {
   "1": 0.010301845148205757,
   "10": 0.00916951335966587,
   "100": 0.007916443049907684,
   "1000": 0.007158537395298481
  },
  "laplace/ritz": {
   "1": 0.16004793345928192,
   "10": 0.023299293592572212,
   "100": 0.010285903699696064,
   "1000": 0.010983080603182316
  },
  "poisson/pinn": {
   "1": 0.04080606624484062,
   "10": 0.013101731427013874,
   "100": 0.011179417371749878,
   "1000": 0.009759081527590752
  },
  "poisson/ritz": {
   "1": 0.01598874107003212,
   "10": 0.01609802432358265,
   "100": 0.016785288229584694,
   "1000": 0.016778727993369102
  }
 },
 "n5_val_curve_mean": {
  "laplace/pinn": {
   "250": 0.1110765387614568,
   "1000": 0.0935218979914983,
   "2000": 0.05735668415824572,
   "4000": 0.024175172050793965,
   "8000": 0.012905462644994259,
   "12000": 0.008089596560845772,
   "16000": 0.007620434431980054
  },
  "laplace/ritz": {
   "250": 0.11081085354089737,
   "1000": 0.09337672094504039,
   "2000": 0.0524279922246933,
   "4000": 0.028254618868231773,
   "8000": 0.013625170725087324,
   "12000": 0.009238351446886858,
   "16000": 0.008704726273814837
  },
  "poisson/pinn": {
   "250": 0.1287205715974172,
   "1000": 0.16009647150834402,
   "2000": 0.1496857007344564,
   "4000": 0.11735832939545314,
   "8000": 0.0736239105463028,
   "12000": 0.05938379963239034,
   "16000": 0.0578855536878109
  },
  "poisson/ritz": {
   "250": 0.13073002795378366,
   "1000": 0.13629627724488577,
   "2000": 0.1310673952102661,
   "4000": 0.1289814586440722,
   "8000": 0.1011957253019015,
   "12000": 0.09334440280993779,
   "16000": 0.0911627064148585
  }
 },
 "budget_ratios": {
  "laplace/10": {
   "ritz_over_pinn_16000": 1.2373519246106384,
   "ranges_disjoint_16000": true,
   "pinn_4000_over_16000": 2.142671677312389,
   "ritz_4000_over_16000": 2.6054031559493636
  },
  "laplace/20": {
   "ritz_over_pinn_16000": 1.148784615029767,
   "ranges_disjoint_16000": true,
   "pinn_4000_over_16000": 6.1595606344455005,
   "ritz_4000_over_16000": 5.304008047140924
  },
  "poisson/20": {
   "ritz_over_pinn_16000": 1.5605749080060831,
   "ranges_disjoint_16000": true,
   "pinn_4000_over_16000": 2.4731666985896297,
   "ritz_4000_over_16000": 1.3880445956792393
  }
 },
 "growth_P1_d10_to_d20": {
  "pinn": {
   "it4000": 3.699869853242536,
   "it16000": 1.2870408807978866
  },
  "ritz": {
   "it4000": 2.4325790028242786,
   "it16000": 1.1949169297491713
  }
 },
 "equal_compute_gain": {
  "laplace": {
   "ritz_equal_over_pinn_4000": 0.7410000709354015,
   "ranges_disjoint": true
  },
  "poisson": {
   "ritz_equal_over_pinn_4000": 0.6346284788628752,
   "ranges_disjoint": true
  }
 },
 "e0_bound_P2_d20": {
  "poisson/pinn/4000": 0.018025903621344753,
  "poisson/pinn/16000": 0.007423463351475546,
  "poisson/ritz/4000": 0.044940906161498075,
  "poisson/ritz/16000": 0.034984524657428476
 }
}
equaltime/laplace/ritz/10/10000 [0, 1, 2] ['8.9000e-03', '9.2921e-03', '9.8266e-03'] mean 9.3396e-03 sd 4.65e-04 centred 2.5363e-02 H1 5.3122e-02
equaltime/poisson/ritz/10/9000 [0, 1, 2] ['1.4984e-02', '1.3469e-02', '1.2823e-02'] mean 1.3758e-02 sd 1.11e-03 centred 1.3759e-02 H1 5.8059e-02
long/laplace/pinn/10/16000 [0, 1, 2] ['5.5897e-03', '5.9279e-03', '6.1295e-03'] mean 5.8824e-03 sd 2.73e-04 centred 1.5974e-02 H1 3.1949e-02
long/laplace/pinn/20/16000 [0, 1, 2] ['7.4922e-03', '7.3859e-03', '7.8344e-03'] mean 7.5709e-03 sd 2.34e-04 centred 2.8087e-02 H1 5.0813e-02
long/laplace/ritz/10/16000 [0, 1, 2] ['6.8297e-03', '7.4384e-03', '7.5676e-03'] mean 7.2786e-03 sd 3.94e-04 centred 1.9766e-02 H1 4.3184e-02
long/laplace/ritz/20/16000 [0, 1, 2] ['9.1170e-03', '8.5802e-03', '8.3947e-03'] mean 8.6973e-03 sd 3.75e-04 centred 3.2266e-02 H1 6.0327e-02
long/poisson/pinn/20/16000 [0, 1, 2] ['4.8961e-02', '6.5805e-02', '6.0201e-02'] mean 5.8322e-02 sd 8.58e-03 centred 5.8322e-02 H1 2.0590e-01
long/poisson/ritz/20/16000 [0, 1, 2] ['9.1715e-02', '9.8728e-02', '8.2605e-02'] mean 9.1016e-02 sd 8.08e-03 centred 9.1016e-02 H1 3.2525e-01
{
"laplace/pinn/10": {
"250": 0.1427570084730784,
"500": 0.12538317342599234,
"1000": 0.048672404140233994,
"1500": 0.020141029730439186,
"2000": 0.019011396914720535,
"3000": 0.01252130294839541,
"4000": 0.012423848422865072
},
"laplace/pinn/20": {
"250": 0.1110765387614568,
"500": 0.10515254984299342,
"1000": 0.0935218979914983,
"1500": 0.07008586327234904,
"2000": 0.05735668415824572,
"3000": 0.04718495532870293,
"4000": 0.04654143129785856
},
"laplace/ritz/10": {
"250": 0.14285861949125925,
"500": 0.12393081436554591,
"1000": 0.05948928619424502,
"1500": 0.03640965993205706,
"2000": 0.023320689797401428,
"3000": 0.01929733157157898,
"4000": 0.018798327694336574
},
"laplace/ritz/20": {
"250": 0.11081085354089737,
"500": 0.1051776905854543,
"1000": 0.09337672094504039,
"1500": 0.06918912877639134,
"2000": 0.0524279922246933,
"3000": 0.045802234361569084,
"4000": 0.04613914464910825
},
"poisson/pinn/10": {
"250": 0.12932286659876505,
"500": 0.14941638708114624,
"1000": 0.12782033532857895,
"1500": 0.07089046388864517,
"2000": 0.03733445517718792,
"3000": 0.022888461127877235,
"4000": 0.022132469962040584
},
"poisson/pinn/20": {
"250": 0.1287205715974172,
"500": 0.13023451964060465,
"1000": 0.16009647150834402,
"1500": 0.15610966583093008,
"2000": 0.1496857007344564,
"3000": 0.14442440370718637,
"4000": 0.1443755030632019
},
"poisson/ritz/10": {
"250": 0.1432832678159078,
"500": 0.14059706528981528,
"1000": 0.13844809929529825,
"1500": 0.13660866022109985,
"2000": 0.09760081271330516,
"3000": 0.07787221297621727,
"4000": 0.07627180963754654
},
"poisson/ritz/20": {
"250": 0.13073002795378366,
"500": 0.13192503650983176,
"1000": 0.13629627724488577,
"1500": 0.13337339957555136,
"2000": 0.1310673952102661,
"3000": 0.12683924535910288,
"4000": 0.12692769368489584
}
}
{
"laplace/pinn/4000": {
"rel_l2": [
0.04345208672522553,
0.047939896599998845
],
"nonaffine_ratio": [
0.7983716787923582,
0.8435775857884973
],
"nonaffine_corr": [
0.8841952957293162,
0.9047353622155303
],
"affine_err": [
0.0011566807112499654,
0.0019160372555824356
],
"lap_rms": [
0.8528400115533097,
0.9819151720966389
],
"bd_rel_l2": [
0.04792372705641639,
0.05263728969036801
]
},
"laplace/pinn/16000": {
"rel_l2": [
0.007275357537697497,
0.007767454298479531
],
"nonaffine_ratio": [
0.9962306576787608,
0.9976739381669112
],
"nonaffine_corr": [
0.9970608502780944,
0.9974062988508484
],
"affine_err": [
0.0004636860931530278,
0.0007749705249434425
],
"lap_rms": [
0.5266919608525811,
0.6445146649649636
],
"bd_rel_l2": [
0.00834260754007131,
0.008838937406735282
]
},
"laplace/ritz/4000": {
"rel_l2": [
0.04375113473984535,
0.04736295153037149
],
"nonaffine_ratio": [
0.8519538856252373,
0.873310367248723
],
"nonaffine_corr": [
0.8905422028584122,
0.906717867207562
],
"affine_err": [
0.009643297941801687,
0.011066580074231797
],
"lap_rms": [
5.5223697001523515,
6.992565119835857
],
"bd_rel_l2": [
0.04620507995074205,
0.04935756966053419
]
},
"laplace/ritz/16000": {
"rel_l2": [
0.008314088341560957,
0.008910659655312304
],
"nonaffine_ratio": [
1.0024956924844846,
1.0029986830195128
],
"nonaffine_corr": [
0.9961736724191791,
0.9967179210972945
],
"affine_err": [
0.0008797820321924676,
0.001429315686762585
],
"lap_rms": [
1.0854633104887756,
1.1869867344269664
],
"bd_rel_l2": [
0.009233216048972627,
0.010055457271424446
]
},
"poisson/pinn/4000": {
"rel_l2": [
0.14372585652945202,
0.1469918042070423
],
"nonaffine_ratio": [
0.8205149136197502,
0.8344675082839356
],
"nonaffine_corr": [
0.13299628444026623,
0.162026257149012
],
"affine_err": [
0.008068512212806831,
0.009737611475788471
],
"lap_rms": [
5.1704308751367325,
5.277203116588751
],
"bd_rel_l2": [
0.15666151412766693,
0.15827583271813414
],
"resid_ratio": [
0.34653693459535984,
0.36051807242689504
]
},
"poisson/pinn/16000": {
"rel_l2": [
0.04948685724934171,
0.06594953726469019
],
"nonaffine_ratio": [
0.8464848228732305,
0.8950765216647822
],
"nonaffine_corr": [
0.8388595293450488,
0.9133949639198392
],
"affine_err": [
0.0043767518349079205,
0.005253324017941195
],
"lap_rms": [
6.756585032373492,
6.848306042956044
],
"bd_rel_l2": [
0.05447153167895146,
0.07257133480413802
],
"resid_ratio": [
0.1249352194179585,
0.1484692670295109
]
},
"poisson/ritz/4000": {
"rel_l2": [
0.12775089814050627,
0.12809491473675494
],
"nonaffine_ratio": [
0.18119931777971646,
0.1962819965921212
],
"nonaffine_corr": [
0.05444726565752961,
0.06658506017164507
],
"affine_err": [
0.03924686928190792,
0.04031846067344496
],
"lap_rms": [
1.0193208954567803,
1.1554245652517776
],
"bd_rel_l2": [
0.13347180512229936,
0.13374630624025752
],
"resid_ratio": [
0.8950045482286333,
0.8988181232299615
]
},
"poisson/ritz/16000": {
"rel_l2": [
0.08348317465156571,
0.09986800581612634
],
"nonaffine_ratio": [
0.6340290357450166,
0.7597523012150995
],
"nonaffine_corr": [
0.6195496782959625,
0.756298919918822
],
"affine_err": [
0.026753580821675917,
0.031114519669139338
],
"lap_rms": [
3.7599650552734576,
4.420022893641221
],
"bd_rel_l2": [
0.08643424744974323,
0.10358216343052316
],
"resid_ratio": [
0.602602421909685,
0.6996904931485696
]
}
}
