verify_research_benchmark/vpinn.py:173: UserWarning: Converting a tensor with requires_grad=True to a scalar may lead to unexpected behavior.
Consider using tensor.detach() first. (Triggered internally at <pytorch build>/torch/csrc/autograd/generated/python_variable_methods.cpp:821.)
  out = {"adam": {"rel_l2": ra[0], "linf": ra[1], "loss": float(L), "time": t_adam}, "adam_at_branch": {"rel_l2": mid[0], "linf": mid[1]}}
heat1d|grid|0|256|fixed adam 9.982e-03 | adam@1500 2.464e-02 | adam_lbfgs 5.831e-03 (Linf 6.21e-03, iters 1500, nfev 1578) wall 54s
heat1d|random|0|256|fixed adam 3.081e-02 | adam@1500 2.468e-02 | adam_lbfgs 1.853e-03 (Linf 1.40e-03, iters 1342, nfev 1404) wall 39s
heat1d|nodegrid|0|256|fixed adam 1.467e-02 | adam@1500 2.589e-02 | adam_lbfgs 2.003e-03 (Linf 1.66e-03, iters 1500, nfev 1573) wall 38s
heat1d|grid|1|256|fixed adam 1.303e-02 | adam@1500 1.265e-02 | adam_lbfgs 1.316e-02 (Linf 1.31e-02, iters 1500, nfev 1572) wall 35s
heat1d|random|1|256|fixed adam 2.746e-02 | adam@1500 1.684e-01 | adam_lbfgs 9.760e-04 (Linf 6.41e-04, iters 1500, nfev 1569) wall 45s
heat1d|nodegrid|1|256|fixed adam 7.926e-03 | adam@1500 3.276e-02 | adam_lbfgs 1.107e-03 (Linf 9.32e-04, iters 1500, nfev 1567) wall 35s
heat1d|grid|2|256|fixed adam 1.312e-02 | adam@1500 2.244e-01 | adam_lbfgs 3.539e-03 (Linf 3.90e-03, iters 1178, nfev 1238) wall 35s
heat1d|random|2|256|fixed adam 9.308e-02 | adam@1500 8.139e-02 | adam_lbfgs 1.334e-03 (Linf 2.37e-03, iters 1387, nfev 1456) wall 29s
heat1d|nodegrid|2|256|fixed adam 1.463e-02 | adam@1500 2.039e-02 | adam_lbfgs 6.936e-03 (Linf 6.24e-03, iters 1491, nfev 1569) wall 45s
laplace2d|grid|0|256|fixed adam 4.655e-02 | adam@1500 6.879e-03 | adam_lbfgs 2.341e-04 (Linf 4.82e-04, iters 1500, nfev 1622) wall 66s
laplace2d|random|0|256|fixed adam 7.392e-03 | adam@1500 1.505e-02 | adam_lbfgs 2.228e-04 (Linf 7.30e-04, iters 1500, nfev 1618) wall 72s
laplace2d|grid|1|256|fixed adam 5.616e-03 | adam@1500 1.031e-02 | adam_lbfgs 3.486e-04 (Linf 7.10e-04, iters 1500, nfev 1633) wall 62s
laplace2d|random|1|256|fixed adam 4.554e-03 | adam@1500 1.227e-02 | adam_lbfgs 4.766e-04 (Linf 1.36e-03, iters 1333, nfev 1463) wall 73s
laplace2d|grid|2|256|fixed adam 1.760e-03 | adam@1500 9.500e-03 | adam_lbfgs 2.850e-04 (Linf 8.63e-04, iters 1500, nfev 1606) wall 93s
laplace2d|random|2|256|fixed adam 4.395e-03 | adam@1500 1.300e-02 | adam_lbfgs 5.116e-04 (Linf 1.42e-03, iters 1500, nfev 1620) wall 59s
wave2d|random|0|512|fixed adam 2.685e-01 | adam@1500 5.218e-01 | adam_lbfgs 8.416e-02 (Linf 1.26e-01, iters 1500, nfev 1580) wall 53s
laplace3d|sobol|0|512|fixed adam 1.432e-01 | adam@1500 1.795e-01 | adam_lbfgs 3.899e-02 (Linf 8.51e-02, iters 1500, nfev 1578) wall 75s
wave1d|random|0|1024|fixed adam 4.673e-01 | adam@1500 5.729e-01 | adam_lbfgs 4.450e-01 (Linf 6.85e-01, iters 1500, nfev 1546) wall 93s
laplace2d|random|0|256|resample adam 1.066e-02 | adam@1500 5.856e-02 | adam_lbfgs 4.789e-04 (Linf 9.32e-04, iters 1335, nfev 1464) wall 94s
laplace2d|random|1|256|resample adam 1.530e-02 | adam@1500 1.890e-02 | adam_lbfgs 9.068e-04 (Linf 1.66e-03, iters 1500, nfev 1642) wall 91s
laplace2d|random|2|256|resample adam 1.846e-02 | adam@1500 4.312e-02 | adam_lbfgs 4.787e-04 (Linf 1.05e-03, iters 1500, nfev 1619) wall 72s
heat1d|sobol|0|256|fixed adam 8.462e-02 | adam@1500 2.451e-02 | adam_lbfgs 1.300e-03 (Linf 1.11e-03, iters 1500, nfev 1568) wall 39s
heat1d|sobol|1|256|fixed adam 9.670e-03 | adam@1500 6.249e-02 | adam_lbfgs 1.156e-03 (Linf 3.07e-03, iters 1231, nfev 1313) wall 35s
heat1d|sobol|2|256|fixed adam 5.878e-03 | adam@1500 1.112e-02 | adam_lbfgs 1.173e-03 (Linf 1.42e-03, iters 1500, nfev 1587) wall 36s
laplace2d|sobol|0|256|fixed adam 2.001e-02 | adam@1500 6.732e-03 | adam_lbfgs 2.399e-04 (Linf 7.56e-04, iters 1500, nfev 1639) wall 106s
laplace2d|sobol|1|256|fixed adam 5.962e-03 | adam@1500 2.226e-02 | adam_lbfgs 2.920e-04 (Linf 9.26e-04, iters 1401, nfev 1518) wall 73s
laplace2d|sobol|2|256|fixed adam 1.911e-03 | adam@1500 6.474e-03 | adam_lbfgs 4.568e-04 (Linf 1.29e-03, iters 1500, nfev 1620) wall 89s
QUEUE DONE
